Circuit: * C:\Users\Mark\Documents\MEGAsync\CEFET\tcc\dnar\spice\resonanceLC.asc

Limiting fall time of source v2 to 0.05
Limiting rise time of source v1 to 0.1
Limiting fall time of source v1 to 0.1
WARNING: Node P001 is floating.

.OP point found by inspection.

Date: Thu Dec 19 17:08:24 2024
Total elapsed time: 0.042 seconds.

tnom = 27
temp = 27
method = modified trap
totiter = 3076
traniter = 3076
tranpoints = 1539
accept = 1263
rejected = 276
matrix size = 8
fillins = 1
solver = Normal
Matrix Compiler1: 336 bytes object code size  0.1/0.1/[0.0]
Matrix Compiler2: off  [0.0]/0.1/0.0

